2025-06-28 04:22:45,712 - main - INFO -    Available sensors: 16
2025-06-28 04:22:45,712 - main - INFO -    Sensor locations: ['Burgos', 'La Mesa Dam', 'Mindanao', 'Montalban', 'Nangka', 'Napindan-1', 'Pandacan', "People's Park", 'Quirino', 'Rodriguez', 'Rosario Bridge', 'San Juan School', 'San Mateo-1', 'Sto Nino', 'Tumana Bridge', 'Ugong']
2025-06-28 04:24:11,884 - main - INFO - Starting Bantay Flood Mapping API server
2025-06-28 04:24:11,885 - main - INFO - Available sensors: 16
2025-06-28 04:24:11,885 - main - INFO - Server startup completed successfully
2025-06-28 04:25:15,913 - main - INFO - Shutting down Bantay Flood Mapping API server
2025-06-28 04:25:16,994 - main - INFO - Starting Bantay Flood Mapping API server
2025-06-28 04:25:17,001 - main - INFO - Available sensors: 16
2025-06-28 04:25:17,001 - main - INFO - Server startup completed successfully
2025-06-28 04:26:44,156 - main - INFO - Shutting down Bantay Flood Mapping API server
2025-06-28 04:26:45,813 - main - INFO - Starting Bantay Flood Mapping API server
2025-06-28 04:26:45,814 - main - INFO - Available sensors: 16
2025-06-28 04:26:45,814 - main - INFO - Server startup completed successfully
2025-06-28 04:26:46,451 - main - INFO - Shutting down Bantay Flood Mapping API server
2025-06-28 04:26:47,456 - main - INFO - Starting Bantay Flood Mapping API server
2025-06-28 04:26:47,456 - main - INFO - Available sensors: 16
2025-06-28 04:26:47,457 - main - INFO - Server startup completed successfully
2025-06-28 04:26:47,458 - main - INFO - Shutting down Bantay Flood Mapping API server
2025-06-28 04:26:48,410 - main - INFO - Starting Bantay Flood Mapping API server
2025-06-28 04:26:48,411 - main - INFO - Available sensors: 16
2025-06-28 04:26:48,411 - main - INFO - Server startup completed successfully
2025-06-28 04:27:19,479 - main - INFO - Shutting down Bantay Flood Mapping API server
2025-06-28 04:27:20,799 - main - INFO - Starting Bantay Flood Mapping API server
2025-06-28 04:27:20,800 - main - INFO - Available sensors: 16
2025-06-28 04:27:20,800 - main - INFO - Server startup completed successfully
2025-06-28 04:27:21,678 - main - INFO - Shutting down Bantay Flood Mapping API server
2025-06-28 04:27:22,883 - main - INFO - Starting Bantay Flood Mapping API server
2025-06-28 04:27:22,884 - main - INFO - Available sensors: 16
2025-06-28 04:27:22,884 - main - INFO - Server startup completed successfully
2025-06-28 04:27:22,885 - main - INFO - Shutting down Bantay Flood Mapping API server
2025-06-28 04:27:23,955 - main - INFO - Starting Bantay Flood Mapping API server
2025-06-28 04:27:23,956 - main - INFO - Available sensors: 16
2025-06-28 04:27:23,956 - main - INFO - Server startup completed successfully
2025-06-28 04:27:52,923 - main - INFO - Shutting down Bantay Flood Mapping API server
2025-06-28 04:27:53,884 - main - INFO - Starting Bantay Flood Mapping API server
2025-06-28 04:27:53,884 - main - INFO - Available sensors: 16
2025-06-28 04:27:53,884 - main - INFO - Server startup completed successfully
2025-06-28 04:29:42,391 - main - INFO - Shutting down Bantay Flood Mapping API server
